// Jest Snapshot v1, https://goo.gl/fbAQLP

exports[`Login render the component 1`] = `
Object {
  "asFragment": [Function],
  "baseElement": <body>
    <div>
      <div
        class="container login-form"
      >
        <h2
          class="center"
        >
          Employee Polls
        </h2>
        <div
          class="box-center"
        >
          <div
            class="login-avatar"
          />
        </div>
        <h3
          class="center"
          data-testid="login-header"
        >
          Login
        </h3>
        <form>
          <input
            data-testid="username"
            id="userName"
            name="userName"
            placeholder="Username"
            type="text"
            value=""
          />
          <input
            data-testid="password"
            id="password"
            name="password"
            placeholder="Password"
            type="password"
            value=""
          />
          <div
            class="box-center"
          >
            <button
              class="btn center"
              data-testid="submit"
              type="submit"
            >
              Submit
            </button>
          </div>
        </form>
      </div>
    </div>
  </body>,
  "container": <div>
    <div
      class="container login-form"
    >
      <h2
        class="center"
      >
        Employee Polls
      </h2>
      <div
        class="box-center"
      >
        <div
          class="login-avatar"
        />
      </div>
      <h3
        class="center"
        data-testid="login-header"
      >
        Login
      </h3>
      <form>
        <input
          data-testid="username"
          id="userName"
          name="userName"
          placeholder="Username"
          type="text"
          value=""
        />
        <input
          data-testid="password"
          id="password"
          name="password"
          placeholder="Password"
          type="password"
          value=""
        />
        <div
          class="box-center"
        >
          <button
            class="btn center"
            data-testid="submit"
            type="submit"
          >
            Submit
          </button>
        </div>
      </form>
    </div>
  </div>,
  "debug": [Function],
  "findAllByAltText": [Function],
  "findAllByDisplayValue": [Function],
  "findAllByLabelText": [Function],
  "findAllByPlaceholderText": [Function],
  "findAllByRole": [Function],
  "findAllByTestId": [Function],
  "findAllByText": [Function],
  "findAllByTitle": [Function],
  "findByAltText": [Function],
  "findByDisplayValue": [Function],
  "findByLabelText": [Function],
  "findByPlaceholderText": [Function],
  "findByRole": [Function],
  "findByTestId": [Function],
  "findByText": [Function],
  "findByTitle": [Function],
  "getAllByAltText": [Function],
  "getAllByDisplayValue": [Function],
  "getAllByLabelText": [Function],
  "getAllByPlaceholderText": [Function],
  "getAllByRole": [Function],
  "getAllByTestId": [Function],
  "getAllByText": [Function],
  "getAllByTitle": [Function],
  "getByAltText": [Function],
  "getByDisplayValue": [Function],
  "getByLabelText": [Function],
  "getByPlaceholderText": [Function],
  "getByRole": [Function],
  "getByTestId": [Function],
  "getByText": [Function],
  "getByTitle": [Function],
  "queryAllByAltText": [Function],
  "queryAllByDisplayValue": [Function],
  "queryAllByLabelText": [Function],
  "queryAllByPlaceholderText": [Function],
  "queryAllByRole": [Function],
  "queryAllByTestId": [Function],
  "queryAllByText": [Function],
  "queryAllByTitle": [Function],
  "queryByAltText": [Function],
  "queryByDisplayValue": [Function],
  "queryByLabelText": [Function],
  "queryByPlaceholderText": [Function],
  "queryByRole": [Function],
  "queryByTestId": [Function],
  "queryByText": [Function],
  "queryByTitle": [Function],
  "rerender": [Function],
  "unmount": [Function],
}
`;
